// Jest Snapshot v1, https://goo.gl/fbAQLP

exports[`EditorPage should show the preemtive reconnect warning box 1`] = `
<a
  class="css-1lglquy"
  data-test-id="preemptive-connect"
>
  connect with Optimizely.
</a>
`;

exports[`EditorPage should show the reauth modal when no client is available 1`] = `
<p
  class="Paragraph__Paragraph___2aO-9 css-acwcvw"
  data-test-id="reconnect-optimizely"
>
  Your Optimizely session has expired. Reconnect to continue editing.
</p>
`;
