// Jest Snapshot v1, https://goo.gl/fbAQLP

exports[`FocalPointView should render the focal point field view 1`] = `
<div>
  <div
    class="css-70qvj9"
  >
    <div
      class="TextInput__TextInput___36-K- css-93644d TextInput__TextInput--large___KwY4O TextInput__TextInput--disabled___2t7VS"
    >
      <input
        class="TextInput__TextInput__input___27vDB a11y__focus-border--default___60AXp"
        data-test-id="focal-point"
        disabled=""
        id="focal-point"
        type="text"
        value="x: 10px / y: 30px"
      />
    </div>
    <button
      class="Button__Button___1ZfFj a11y__focus-border--default___60AXp css-dp0f2t Button__Button--muted___2Wair"
      data-test-id="cf-ui-button"
      type="button"
    >
      <span
        class="TabFocusTrap__TabFocusTrap___39Vty Button__Button__inner-wrapper___3qrNC"
        tabindex="-1"
      >
        <span
          class="Button__Button__label___3tcOj"
        >
          Set focal point
        </span>
      </span>
    </button>
    <button
      class="TextLink__TextLink___1biUr a11y__focus-outline--default___2hwb1 TextLink__TextLink--primary___2Vc9F"
      data-test-id="cf-ui-text-link"
      type="button"
    >
      <span
        class="TabFocusTrap__TabFocusTrap___39Vty"
        tabindex="-1"
      >
        Reset focal point
      </span>
    </button>
  </div>
</div>
`;
